// Jest Snapshot v1, https://goo.gl/fbAQLP

exports[`Dashbaord should render Dashboard 1`] = `
Array [
  <div>
    <Connect(SurveyList) />
    <div
      className="fixed-action-btn"
    >
      <Link
        className="btn-floating btn-large blue-grey darken-4"
        replace={false}
        to="/surveys/new"
      >
        <i
          className="material-icons"
        >
          add
        </i>
      </Link>
    </div>
  </div>,
]
`;

exports[`MyComponent should render initial layout 1`] = `
Array [
<div>
    <input
         type="text"
    />
</div>,
]
`;
